Value of "pref1" is Value1
Value of "pref2" is Value2
