Value for "pref1" is Value1
Value for "pref2" is Value2
