Total:23  Passed:23  Failed:0  Expected_Fail:0  Notrun:0
