Total:22  Passed:22  Failed:0  Expected_Fail:0  Notrun:0
