RIGHT: "MzMzZGQK"
RIGHT: "MQo="
RIGHT: "MTIK"
RIGHT: "MTIzCg=="
RIGHT: ""
RIGHT: "VVVV"
WRONG: "VAV="
WRONG: "VV=="
